[Bootstrap]
SetupTitle=Install
SetupText=Copying Files, please stand by.
CabFile=FlowProgramming.CAB
Spawn=Setup1.exe
Uninstal=st6unst.exe
TmpDir=msftqws.pdw
Cabs=1

[Bootstrap Files]
File1=@VB6STKIT.DLL,$(WinSysPathSysFile),,,7/15/00 1:00:00 AM,101888,6.0.84.50
File2=@MSVCRT40.DLL,$(WinSysPathSysFile),,,6/1/99 1:00:00 AM,326656,4.22.0.0
File3=@COMCAT.DLL,$(WinSysPathSysFile),$(DLLSelfRegister),,6/1/99 1:00:00 AM,22288,4.71.1460.1
File4=@STDOLE2.TLB,$(WinSysPathSysFile),$(TLBRegister),,6/3/99 1:00:00 AM,17920,2.40.4275.1
File5=@ASYCFILT.DLL,$(WinSysPathSysFile),,,3/8/99 1:00:00 AM,147728,2.40.4275.1
File6=@OLEPRO32.DLL,$(WinSysPathSysFile),$(DLLSelfRegister),,3/8/99 1:00:00 AM,164112,5.0.4275.1
File7=@OLEAUT32.DLL,$(WinSysPathSysFile),$(DLLSelfRegister),,4/12/00 1:00:00 AM,598288,2.40.4275.1
File8=@msvbvm60.dll,$(WinSysPathSysFile),$(DLLSelfRegister),,2/23/04 1:00:00 AM,1386496,6.0.97.82

[IconGroups]
Group0=Flow Chart Visual Programming Language
PrivateGroup0=-1
Parent0=$(Programs)

[Flow Chart Visual Programming Language]
Icon1="FlowProgramming.exe"
Title1=Flow Chart Visual Programming Language
StartIn1=$(AppPath)

[Setup]
Title=Flow Chart Visual Programming Language
DefaultDir=$(ProgramFiles)\Flow Chart Visual Programming Language
AppExe=FlowProgramming.exe
AppToUninstall=FlowProgramming.exe

[Setup1 Files]
File1=@FlowProgramming.ini,$(AppPath),,,7/17/03 11:00:00 AM,38,0.0.0.0
File2=@NEW_TEMPLATE.fpp,$(AppPath),,,11/26/01 1:00:00 AM,537,0.0.0.0
File3=@test11_scroll.fpp,$(AppPath)\Examples,,,3/6/05 11:25:16 AM,2153,0.0.0.0
File4=@test10_call.fpp,$(AppPath)\Examples,,,3/6/05 11:24:50 AM,1123,0.0.0.0
File5=@test08_loop.fpp,$(AppPath)\Examples,,,3/7/05 9:39:12 AM,2173,0.0.0.0
File6=@test07_loop.fpp,$(AppPath)\Examples,,,3/7/05 9:38:50 AM,2159,0.0.0.0
File7=@test06_concat.fpp,$(AppPath)\Examples,,,3/6/05 11:24:10 AM,1633,0.0.0.0
File8=@test05_if.fpp,$(AppPath)\Examples,,,3/7/05 9:38:00 AM,2454,0.0.0.0
File9=@test04_comp.fpp,$(AppPath)\Examples,,,3/6/05 11:23:42 AM,1652,0.0.0.0
File10=@test02_fix.fpp,$(AppPath)\Examples,,,3/6/05 11:23:06 AM,2447,0.0.0.0
File11=@test01_if.fpp,$(AppPath)\Examples,,,3/6/05 8:45:48 PM,2196,0.0.0.0
File12=@test00_hello.fpp,$(AppPath)\Examples,,,3/7/05 9:29:00 AM,830,0.0.0.0
File13=@POWER.fpp,$(AppPath)\Examples,,,3/6/05 11:22:50 AM,3536,0.0.0.0
File14=@POW.fpp,$(AppPath)\Examples,,,3/6/05 11:22:42 AM,2175,0.0.0.0
File15=@function.fpp,$(AppPath)\Examples,,,3/6/05 11:22:36 AM,1112,0.0.0.0
File16=@factorial_regular.fpp,$(AppPath)\Examples,,,3/6/05 11:19:52 AM,6526,0.0.0.0
File17=@factorial.fpp,$(AppPath)\Examples,,,3/6/05 11:19:18 AM,4064,0.0.0.0
File18=@F.fpp,$(AppPath)\Examples,,,3/6/05 11:18:58 AM,4653,0.0.0.0
File19=@E.fpp,$(AppPath)\Examples,,,3/6/05 11:18:50 AM,1043,0.0.0.0
File20=@E4.fpp,$(AppPath)\Examples,,,3/6/05 11:18:44 AM,841,0.0.0.0
File21=@E3.fpp,$(AppPath)\Examples,,,3/6/05 11:18:40 AM,842,0.0.0.0
File22=@E2.fpp,$(AppPath)\Examples,,,3/6/05 11:18:26 AM,1113,0.0.0.0
File23=@E1.fpp,$(AppPath)\Examples,,,3/6/05 11:17:58 AM,1396,0.0.0.0
File24=@dinosaur.gif,$(AppPath)\Examples,,,3/6/05 2:19:02 PM,85396,0.0.0.0
File25=@D.fpp,$(AppPath)\Examples,,,3/6/05 11:25:30 AM,1151,0.0.0.0
File26=@D6.fpp,$(AppPath)\Examples,,,3/6/05 11:17:02 AM,8044,0.0.0.0
File27=@D5.fpp,$(AppPath)\Examples,,,3/6/05 11:13:44 AM,1915,0.0.0.0
File28=@D4.fpp,$(AppPath)\Examples,,,3/6/05 11:13:38 AM,4918,0.0.0.0
File29=@D3.fpp,$(AppPath)\Examples,,,3/6/05 11:09:46 AM,4871,0.0.0.0
File30=@D2.fpp,$(AppPath)\Examples,,,3/6/05 11:09:50 AM,2232,0.0.0.0
File31=@D1.fpp,$(AppPath)\Examples,,,3/6/05 2:22:40 PM,5223,0.0.0.0
File32=@D0.fpp,$(AppPath)\Examples,,,3/6/05 11:08:04 AM,4949,0.0.0.0
File33=@C.fpp,$(AppPath)\Examples,,,3/6/05 11:11:08 AM,862,0.0.0.0
File34=@C1.fpp,$(AppPath)\Examples,,,3/6/05 11:10:02 AM,822,0.0.0.0
File35=@B.fpp,$(AppPath)\Examples,,,3/6/05 11:06:40 AM,1126,0.0.0.0
File36=@B4.fpp,$(AppPath)\Examples,,,3/6/05 10:50:16 AM,1093,0.0.0.0
File37=@B3.fpp,$(AppPath)\Examples,,,3/6/05 10:50:04 AM,836,0.0.0.0
File38=@B2.fpp,$(AppPath)\Examples,,,3/6/05 10:49:52 AM,846,0.0.0.0
File39=@B1.fpp,$(AppPath)\Examples,,,3/6/05 10:49:58 AM,846,0.0.0.0
File40=@A.fpp,$(AppPath)\Examples,,,3/6/05 10:48:44 AM,935,0.0.0.0
File41=@A2.fpp,$(AppPath)\Examples,,,3/6/05 11:05:36 AM,5889,0.0.0.0
File42=@A1.fpp,$(AppPath)\Examples,,,3/6/05 11:06:18 AM,2193,0.0.0.0
File43=@VB5DB.DLL,$(WinSysPath),,$(Shared),5/21/98 1:00:00 AM,89360,6.0.81.41
File44=@MSREPL35.DLL,$(WinSysPathSysFile),,,6/13/00 1:00:00 AM,415504,3.51.2404.0
File45=@MSRD2X35.DLL,$(WinSysPathSysFile),$(DLLSelfRegister),,4/4/98 1:00:00 AM,252176,3.51.623.0
File46=@expsrv.dll,$(WinSysPathSysFile),,,8/4/04 1:45:18 AM,380957,6.0.72.9589
File47=@vbajet32.dll,$(WinSysPathSysFile),,,8/4/04 1:45:34 AM,30749,6.0.1.9431
File48=@MSJINT35.DLL,$(WinSysPathSysFile),,,4/4/98 1:00:00 AM,123664,3.51.623.0
File49=@MSJTER35.DLL,$(WinSysPathSysFile),,,4/4/98 1:00:00 AM,24848,3.51.623.0
File50=@MSJET35.DLL,$(WinSysPathSysFile),$(DLLSelfRegister),,6/13/00 1:00:00 AM,1046288,3.51.2723.0
File51=@DAO350.DLL,$(MSDAOPath),$(DLLSelfRegister),$(Shared),4/29/98 1:00:00 AM,570128,3.51.1608.0
File52=@MSCOMCTL.OCX,$(WinSysPath),$(DLLSelfRegister),$(Shared),4/15/05 7:58:16 PM,1071088,6.1.97.86
File53=@MSFLXGRD.OCX,$(WinSysPath),$(DLLSelfRegister),$(Shared),3/9/04 1:00:00 AM,260880,6.1.97.82
File54=@MSCOMCT2.OCX,$(WinSysPath),$(DLLSelfRegister),$(Shared),3/9/04 1:00:00 AM,662288,6.1.97.82
File55=@COMDLG32.OCX,$(WinSysPath),$(DLLSelfRegister),$(Shared),3/9/04 1:00:00 AM,152848,6.1.97.82
File56=@FlowProgramming.exe,$(AppPath),,,10/24/07 11:58:26 PM,405504,3.0.0.1

; The following lines may be deleted in order to obtain extra 
; space for customizing this file on a full installation diskette.
; 
; XXXXXXXXXXXXXXXXXXXXXXXXXXXXXXXXXXXXXXXXXXXXXXXXXXXXXXXXXXXX
; XXXXXXXXXXXXXXXXXXXXXXXXXXXXXXXXXXXXXXXXXXXXXXXXXXXXXXXXXXXX
; XXXXXXXXXXXXXXXXXXXXXXXXXXXXXXXXXXXXXXXXXXXXXXXXXXXXXXXXXXXX
; XXXXXXXXXXXXXXXXXXXXXXXXXXXXXXXXXXXXXXXXXXXXXXXXXXXXXXXXXXXX
; XXXXXXXXXXXXXXXXXXXXXXXXXXXXXXXXXXXXXXXXXXXXXXXXXXXXXXXXXXXX
; XXXXXXXXXXXXXXXXXXXXXXXXXXXXXXXXXXXXXXXXXXXXXXXXXXXXXXXXXXXX
; XXXXXXXXXXXXXXXXXXXXXXXXXXXXXXXXXXXXXXXXXXXXXXXXXXXXXXXXXXXX
; XXXXXXXXXXXXXXXXXXXXXXXXXXXXXXXXXXXXXXXXXXXXXXXXXXXXXXXXXXXX
; XXXXXXXXXXXXXXXXXXXXXXXXXXXXXXXXXXXXXXXXXXXXXXXXXXXXXXXXXXXX
; XXXXXXXXXXXXXXXXXXXXXXXXXXXXXXXXXXXXXXXXXXXXXXXXXXXXXXXXXXXX
; XXXXXXXXXXXXXXXXXXXXXXXXXXXXXXXXXXXXXXXXXXXXXXXXXXXXXXXXXXXX
; XXXXXXXXXXXXXXXXXXXXXXXXXXXXXXXXXXXXXXXXXXXXXXXXXXXXXXXXXXXX
; XXXXXXXXXXXXXXXXXXXXXXXXXXXXXXXXXXXXXXXXXXXXXXXXXXXXXXXXXXXX
; XXXXXXXXXXXXXXXXXXXXXXXXXXXXXXXXXXXXXXXXXXXXXXXXXXXXXXXXXXXX
; XXXXXXXXXXXXXXXXXXXXXXXXXXXXXXXXXXXXXXXXXXXXXXXXXXXXXXXXXXXX
; XXXXXXXXXXXXXXXXXXXXXXXXXXXXXXXXXXXXXXXXXXXXXXXXXXXXXXXXXXXX
; XXXXXXXXXXXXXXXXXXXXXXXXXXXXXXXXXXXXXXXXXXXXXXXXXXXXXXXXXXXX
; XXXXXXXXXXXXXXXXXXXXXXXXXXXXXXXXXXXXXXXXXXXXXXXXXXXXXXXXXXXX
; XXXXXXXXXXXXXXXXXXXXXXXXXXXXXXXXXXXXXXXXXXXXXXXXXXXXXXXXXXXX
; XXXXXXXXXXXXXXXXXXXXXXXXXXXXXXXXXXXXXXXXXXXXXXXXXXXXXXXXXXXX
; XXXXXXXXXXXXXXXXXXXXXXXXXXXXXXXXXXXXXXXXXXXXXXXXXXXXXXXXXXXX
; XXXXXXXXXXXXXXXXXXXXXXXXXXXXXXXXXXXXXXXXXXXXXXXXXXXXXXXXXXXX
; XXXXXXXXXXXXXXXXXXXXXXXXXXXXXXXXXXXXXXXXXXXXXXXXXXXXXXXXXXXX
; XXXXXXXXXXXXXXXXXXXXXXXXXXXXXXXXXXXXXXXXXXXXXXXXXXXXXXXXXXXX
; XXXXXXXXXXXXXXXXXXXXXXXXXXXXXXXXXXXXXXXXXXXXXXXXXXXXXXXXXXXX
; XXXXXXXXXXXXXXXXXXXXXXXXXXXXXXXXXXXXXXXXXXXXXXXXXXXXXXXXXXXX
; XXXXXXXXXXXXXXXXXXXXXXXXXXXXXXXXXXXXXXXXXXXXXXXXXXXXXXXXXXXX
; XXXXXXXXXXXXXXXXXXXXXXXXXXXXXXXXXXXXXXXXXXXXXXXXXXXXXXXXXXXX
; XXXXXXXXXXXXXXXXXXXXXXXXXXXXXXXXXXXXXXXXXXXXXXXXXXXXXXXXXXXX
; XXXXXXXXXXXXXXXXXXXXXXXXXXXXXXXXXXXXXXXXXXXXXXXXXXXXXXXXXXXX
; XXXXXXXXXXXXXXXXXXXXXXXXXXXXXXXXXXXXXXXXXXXXXXXXXXXXXXXXXXXX
; XXXXXXXXXXXXXXXXXXXXXXXXXXXXXXXXXXXXXXXXXXXXXXXXXXXXXXXXXXXX
; XXXXXXXXXXXXXXXXXXXXXXXXXXXXXXXXXXXXXXXXXXXXXXXXXXXXXXXXXXXX
; XXXXXXXXXXXXXXXXXXXXXXXXXXXXXXXXXXXXXXXXXXXXXXXXXXXXXXXXXXXX
; XXXXXXXXXXXXXXXXXXXXXXXXXXXXXXXXXXXXXXXXXXXXXXXXXXXXXXXXXXXX
